This is pdfTeX, Version 3.14159265-2.6-1.40.16 (TeX Live 2015/W32TeX) (preloaded format=pdflatex 2015.9.12)  15 MAR 2017 13:33
entering extended mode
 restricted \write18 enabled.
 %&-line parsing enabled.
**./test.tex
(./test.tex
LaTeX2e <2015/01/01> patch level 2
Babel <3.9m> and hyphenation patterns for 79 languages loaded.
(c:/Software/texlive/2015/texmf-dist/tex/latex/base/article.cls
Document Class: article 2014/09/29 v1.4h Standard LaTeX document class
(c:/Software/texlive/2015/texmf-dist/tex/latex/base/size10.clo
File: size10.clo 2014/09/29 v1.4h Standard LaTeX file (size option)
)
\c@part=\count79
\c@section=\count80
\c@subsection=\count81
\c@subsubsection=\count82
\c@paragraph=\count83
\c@subparagraph=\count84
\c@figure=\count85
\c@table=\count86
\abovecaptionskip=\skip41
\belowcaptionskip=\skip42
\bibindent=\dimen102
) (./iccv.sty
(./eso-pic.sty
Package: eso-pic 2002/11/16 v1.1b eso-pic (RN)
 (./iccv_eso.sty

LaTeX Warning: You have requested package `eso-pic',
               but the package provides `everyshi'.

Package: everyshi 2001/05/15 v3.00 EveryShipout Package (MS)
) (c:/Software/texlive/2015/texmf-dist/tex/latex/graphics/keyval.sty
Package: keyval 2014/10/28 v1.15 key=value parser (DPC)
\KV@toks@=\toks14
))
(c:/Software/texlive/2015/texmf-dist/tex/latex/tools/xspace.sty
Package: xspace 2014/10/28 v1.13 Space after command names (DPC,MH)
)
ICCV 8.5 x 11-Inch Proceedings Style `iccv.sty'.
\@ctmp=\skip43
\@figindent=\skip44
\iccvrulerbox=\box26
\iccvrulercount=\count87
\iccvruleroffset=\dimen103
\cv@lineheight=\dimen104
\cv@boxheight=\dimen105
\cv@tmpbox=\box27
\cv@refno=\count88
\cv@tot=\count89
\cv@tmpc@=\count90
\cv@tmpc=\count91
) (c:/Software/texlive/2015/texmf-dist/tex/latex/psnfss/times.sty
Package: times 2005/04/12 PSNFSS-v9.2a (SPQR) 
)
(c:/Software/texlive/2015/texmf-dist/tex/latex/graphics/epsfig.sty
Package: epsfig 1999/02/16 v1.7a (e)psfig emulation (SPQR)

(c:/Software/texlive/2015/texmf-dist/tex/latex/graphics/graphicx.sty
Package: graphicx 2014/10/28 v1.0g Enhanced LaTeX Graphics (DPC,SPQR)

(c:/Software/texlive/2015/texmf-dist/tex/latex/graphics/graphics.sty
Package: graphics 2014/10/28 v1.0p Standard LaTeX Graphics (DPC,SPQR)

(c:/Software/texlive/2015/texmf-dist/tex/latex/graphics/trig.sty
Package: trig 1999/03/16 v1.09 sin cos tan (DPC)
)
(c:/Software/texlive/2015/texmf-dist/tex/latex/latexconfig/graphics.cfg
File: graphics.cfg 2010/04/23 v1.9 graphics configuration of TeX Live
)
Package graphics Info: Driver file: pdftex.def on input line 94.

(c:/Software/texlive/2015/texmf-dist/tex/latex/pdftex-def/pdftex.def
File: pdftex.def 2011/05/27 v0.06d Graphics/color for pdfTeX

(c:/Software/texlive/2015/texmf-dist/tex/generic/oberdiek/infwarerr.sty
Package: infwarerr 2010/04/08 v1.3 Providing info/warning/error messages (HO)
)
(c:/Software/texlive/2015/texmf-dist/tex/generic/oberdiek/ltxcmds.sty
Package: ltxcmds 2011/11/09 v1.22 LaTeX kernel commands for general use (HO)
)
\Gread@gobject=\count92
))
\Gin@req@height=\dimen106
\Gin@req@width=\dimen107
)
\epsfxsize=\dimen108
\epsfysize=\dimen109
)
(c:/Software/texlive/2015/texmf-dist/tex/latex/amsmath/amsmath.sty
Package: amsmath 2013/01/14 v2.14 AMS math features
\@mathmargin=\skip45

For additional information on amsmath, use the `?' option.
(c:/Software/texlive/2015/texmf-dist/tex/latex/amsmath/amstext.sty
Package: amstext 2000/06/29 v2.01

(c:/Software/texlive/2015/texmf-dist/tex/latex/amsmath/amsgen.sty
File: amsgen.sty 1999/11/30 v2.0
\@emptytoks=\toks15
\ex@=\dimen110
))
(c:/Software/texlive/2015/texmf-dist/tex/latex/amsmath/amsbsy.sty
Package: amsbsy 1999/11/29 v1.2d
\pmbraise@=\dimen111
)
(c:/Software/texlive/2015/texmf-dist/tex/latex/amsmath/amsopn.sty
Package: amsopn 1999/12/14 v2.01 operator names
)
\inf@bad=\count93
LaTeX Info: Redefining \frac on input line 210.
\uproot@=\count94
\leftroot@=\count95
LaTeX Info: Redefining \overline on input line 306.
\classnum@=\count96
\DOTSCASE@=\count97
LaTeX Info: Redefining \ldots on input line 378.
LaTeX Info: Redefining \dots on input line 381.
LaTeX Info: Redefining \cdots on input line 466.
\Mathstrutbox@=\box28
\strutbox@=\box29
\big@size=\dimen112
LaTeX Font Info:    Redeclaring font encoding OML on input line 566.
LaTeX Font Info:    Redeclaring font encoding OMS on input line 567.
\macc@depth=\count98
\c@MaxMatrixCols=\count99
\dotsspace@=\muskip10
\c@parentequation=\count100
\dspbrk@lvl=\count101
\tag@help=\toks16
\row@=\count102
\column@=\count103
\maxfields@=\count104
\andhelp@=\toks17
\eqnshift@=\dimen113
\alignsep@=\dimen114
\tagshift@=\dimen115
\tagwidth@=\dimen116
\totwidth@=\dimen117
\lineht@=\dimen118
\@envbody=\toks18
\multlinegap=\skip46
\multlinetaggap=\skip47
\mathdisplay@stack=\toks19
LaTeX Info: Redefining \[ on input line 2665.
LaTeX Info: Redefining \] on input line 2666.
)
(c:/Software/texlive/2015/texmf-dist/tex/latex/amsfonts/amssymb.sty
Package: amssymb 2013/01/14 v3.01 AMS font symbols

(c:/Software/texlive/2015/texmf-dist/tex/latex/amsfonts/amsfonts.sty
Package: amsfonts 2013/01/14 v3.01 Basic AMSFonts support
\symAMSa=\mathgroup4
\symAMSb=\mathgroup5
LaTeX Font Info:    Overwriting math alphabet `\mathfrak' in version `bold'
(Font)                  U/euf/m/n --> U/euf/b/n on input line 106.
))
(c:/Software/texlive/2015/texmf-dist/tex/latex/url/url.sty
\Urlmuskip=\muskip11
Package: url 2013/09/16  ver 3.4  Verb mode for urls, etc.
)
(c:/Software/texlive/2015/texmf-dist/tex/latex/subfigure/subfigure.sty
Package: subfigure 2002/03/15 v2.1.5 subfigure package
\subfigtopskip=\skip48
\subfigcapskip=\skip49
\subfigcaptopadj=\dimen119
\subfigbottomskip=\skip50
\subfigcapmargin=\dimen120
\subfiglabelskip=\skip51
\c@subfigure=\count105
\c@lofdepth=\count106
\c@subtable=\count107
\c@lotdepth=\count108

****************************************
* Local config file subfigure.cfg used *
****************************************
(c:/Software/texlive/2015/texmf-dist/tex/latex/subfigure/subfigure.cfg)
\subfig@top=\skip52
\subfig@bottom=\skip53
)
(c:/Software/texlive/2015/texmf-dist/tex/latex/lineno/lineno.sty
Package: lineno 2005/11/02 line numbers on paragraphs v4.41
\linenopenalty=\count109
\output=\toks20
\linenoprevgraf=\count110
\linenumbersep=\dimen121
\linenumberwidth=\dimen122
\c@linenumber=\count111
\c@pagewiselinenumber=\count112
\c@LN@truepage=\count113
\c@internallinenumber=\count114
\c@internallinenumbers=\count115
\quotelinenumbersep=\dimen123
\bframerule=\dimen124
\bframesep=\dimen125
\bframebox=\box30
LaTeX Info: Redefining \\ on input line 3056.
)
(c:/Software/texlive/2015/texmf-dist/tex/latex/hyperref/hyperref.sty
Package: hyperref 2012/11/06 v6.83m Hypertext links for LaTeX

(c:/Software/texlive/2015/texmf-dist/tex/generic/oberdiek/hobsub-hyperref.sty
Package: hobsub-hyperref 2012/05/28 v1.13 Bundle oberdiek, subset hyperref (HO)


(c:/Software/texlive/2015/texmf-dist/tex/generic/oberdiek/hobsub-generic.sty
Package: hobsub-generic 2012/05/28 v1.13 Bundle oberdiek, subset generic (HO)
Package: hobsub 2012/05/28 v1.13 Construct package bundles (HO)
Package hobsub Info: Skipping package `infwarerr' (already loaded).
Package hobsub Info: Skipping package `ltxcmds' (already loaded).
Package: ifluatex 2010/03/01 v1.3 Provides the ifluatex switch (HO)
Package ifluatex Info: LuaTeX not detected.
Package: ifvtex 2010/03/01 v1.5 Detect VTeX and its facilities (HO)
Package ifvtex Info: VTeX not detected.
Package: intcalc 2007/09/27 v1.1 Expandable calculations with integers (HO)
Package: ifpdf 2011/01/30 v2.3 Provides the ifpdf switch (HO)
Package ifpdf Info: pdfTeX in PDF mode is detected.
Package: etexcmds 2011/02/16 v1.5 Avoid name clashes with e-TeX commands (HO)
Package etexcmds Info: Could not find \expanded.
(etexcmds)             That can mean that you are not using pdfTeX 1.50 or
(etexcmds)             that some package has redefined \expanded.
(etexcmds)             In the latter case, load this package earlier.
Package: kvsetkeys 2012/04/25 v1.16 Key value parser (HO)
Package: kvdefinekeys 2011/04/07 v1.3 Define keys (HO)
Package: pdftexcmds 2011/11/29 v0.20 Utility functions of pdfTeX for LuaTeX (HO
)
Package pdftexcmds Info: LuaTeX not detected.
Package pdftexcmds Info: \pdf@primitive is available.
Package pdftexcmds Info: \pdf@ifprimitive is available.
Package pdftexcmds Info: \pdfdraftmode found.
Package: pdfescape 2011/11/25 v1.13 Implements pdfTeX's escape features (HO)
Package: bigintcalc 2012/04/08 v1.3 Expandable calculations on big integers (HO
)
Package: bitset 2011/01/30 v1.1 Handle bit-vector datatype (HO)
Package: uniquecounter 2011/01/30 v1.2 Provide unlimited unique counter (HO)
)
Package hobsub Info: Skipping package `hobsub' (already loaded).
Package: letltxmacro 2010/09/02 v1.4 Let assignment for LaTeX macros (HO)
Package: hopatch 2012/05/28 v1.2 Wrapper for package hooks (HO)
Package: xcolor-patch 2011/01/30 xcolor patch
Package: atveryend 2011/06/30 v1.8 Hooks at the very end of document (HO)
Package atveryend Info: \enddocument detected (standard20110627).
Package: atbegshi 2011/10/05 v1.16 At begin shipout hook (HO)
Package: refcount 2011/10/16 v3.4 Data extraction from label references (HO)
Package: hycolor 2011/01/30 v1.7 Color options for hyperref/bookmark (HO)
)
(c:/Software/texlive/2015/texmf-dist/tex/generic/ifxetex/ifxetex.sty
Package: ifxetex 2010/09/12 v0.6 Provides ifxetex conditional
)
(c:/Software/texlive/2015/texmf-dist/tex/latex/oberdiek/auxhook.sty
Package: auxhook 2011/03/04 v1.3 Hooks for auxiliary files (HO)
)
(c:/Software/texlive/2015/texmf-dist/tex/latex/oberdiek/kvoptions.sty
Package: kvoptions 2011/06/30 v3.11 Key value format for package options (HO)
)
\@linkdim=\dimen126
\Hy@linkcounter=\count116
\Hy@pagecounter=\count117

(c:/Software/texlive/2015/texmf-dist/tex/latex/hyperref/pd1enc.def
File: pd1enc.def 2012/11/06 v6.83m Hyperref: PDFDocEncoding definition (HO)
)
\Hy@SavedSpaceFactor=\count118

(c:/Software/texlive/2015/texmf-dist/tex/latex/latexconfig/hyperref.cfg
File: hyperref.cfg 2002/06/06 v1.2 hyperref configuration of TeXLive
)
Package hyperref Info: Option `breaklinks' set `true' on input line 4319.


Package hyperref Warning: Option `letterpaper' is no longer used.

Package hyperref Info: Option `colorlinks' set `true' on input line 4319.
Package hyperref Info: Option `bookmarks' set `false' on input line 4319.
Package hyperref Info: Hyper figures OFF on input line 4443.
Package hyperref Info: Link nesting OFF on input line 4448.
Package hyperref Info: Hyper index ON on input line 4451.
Package hyperref Info: Plain pages OFF on input line 4458.
Package hyperref Info: Backreferencing ON on input line 4461.
Package hyperref Info: Implicit mode ON; LaTeX internals redefined.
Package hyperref Info: Bookmarks OFF on input line 4694.
(c:/Software/texlive/2015/texmf-dist/tex/latex/hyperref/backref.sty
Package: backref 2012/07/25 v1.38 Bibliographical back referencing

(c:/Software/texlive/2015/texmf-dist/tex/latex/oberdiek/rerunfilecheck.sty
Package: rerunfilecheck 2011/04/15 v1.7 Rerun checks for auxiliary files (HO)
Package uniquecounter Info: New unique counter `rerunfilecheck' on input line 2
82.
))
\c@Hy@tempcnt=\count119
LaTeX Info: Redefining \url on input line 5041.
\XeTeXLinkMargin=\dimen127
\Fld@menulength=\count120
\Field@Width=\dimen128
\Fld@charsize=\dimen129
Package hyperref Info: Hyper figures OFF on input line 6295.
Package hyperref Info: Link nesting OFF on input line 6300.
Package hyperref Info: Hyper index ON on input line 6303.
Package hyperref Info: backreferencing ON on input line 6308.
Package hyperref Info: Link coloring ON on input line 6313.
Package hyperref Info: Link coloring with OCG OFF on input line 6320.
Package hyperref Info: PDF/A mode OFF on input line 6325.
LaTeX Info: Redefining \ref on input line 6365.
LaTeX Info: Redefining \pageref on input line 6369.
\Hy@abspage=\count121
\c@Item=\count122
\c@Hfootnote=\count123
)

Package hyperref Message: Driver (autodetected): hpdftex.

(c:/Software/texlive/2015/texmf-dist/tex/latex/hyperref/hpdftex.def
File: hpdftex.def 2012/11/06 v6.83m Hyperref driver for pdfTeX
\Fld@listcount=\count124
\c@bookmark@seq@number=\count125
\Hy@SectionHShift=\skip54
)
(./test.aux)
\openout1 = `test.aux'.

LaTeX Font Info:    Checking defaults for OML/cmm/m/it on input line 25.
LaTeX Font Info:    ... okay on input line 25.
LaTeX Font Info:    Checking defaults for T1/cmr/m/n on input line 25.
LaTeX Font Info:    ... okay on input line 25.
LaTeX Font Info:    Checking defaults for OT1/cmr/m/n on input line 25.
LaTeX Font Info:    ... okay on input line 25.
LaTeX Font Info:    Checking defaults for OMS/cmsy/m/n on input line 25.
LaTeX Font Info:    ... okay on input line 25.
LaTeX Font Info:    Checking defaults for OMX/cmex/m/n on input line 25.
LaTeX Font Info:    ... okay on input line 25.
LaTeX Font Info:    Checking defaults for U/cmr/m/n on input line 25.
LaTeX Font Info:    ... okay on input line 25.
LaTeX Font Info:    Checking defaults for PD1/pdf/m/n on input line 25.
LaTeX Font Info:    ... okay on input line 25.
LaTeX Font Info:    Try loading font information for OT1+ptm on input line 25.
 (c:/Software/texlive/2015/texmf-dist/tex/latex/psnfss/ot1ptm.fd
File: ot1ptm.fd 2001/06/04 font definitions for OT1/ptm.
)
ABD: EveryShipout initializing macros
(c:/Software/texlive/2015/texmf-dist/tex/latex/graphics/color.sty
Package: color 2014/10/28 v1.1a Standard LaTeX Color (DPC)

(c:/Software/texlive/2015/texmf-dist/tex/latex/latexconfig/color.cfg
File: color.cfg 2007/01/18 v1.5 color configuration of teTeX/TeXLive
)
Package color Info: Driver file: pdftex.def on input line 142.
)
(c:/Software/texlive/2015/texmf-dist/tex/context/base/supp-pdf.mkii
[Loading MPS to PDF converter (version 2006.09.02).]
\scratchcounter=\count126
\scratchdimen=\dimen130
\scratchbox=\box31
\nofMPsegments=\count127
\nofMParguments=\count128
\everyMPshowfont=\toks21
\MPscratchCnt=\count129
\MPscratchDim=\dimen131
\MPnumerator=\count130
\makeMPintoPDFobject=\count131
\everyMPtoPDFconversion=\toks22
) (c:/Software/texlive/2015/texmf-dist/tex/latex/oberdiek/epstopdf-base.sty
Package: epstopdf-base 2010/02/09 v2.5 Base part for package epstopdf

(c:/Software/texlive/2015/texmf-dist/tex/latex/oberdiek/grfext.sty
Package: grfext 2010/08/19 v1.1 Manage graphics extensions (HO)
)
Package grfext Info: Graphics extension search list:
(grfext)             [.png,.pdf,.jpg,.mps,.jpeg,.jbig2,.jb2,.PNG,.PDF,.JPG,.JPE
G,.JBIG2,.JB2,.eps]
(grfext)             \AppendGraphicsExtensions on input line 452.

(c:/Software/texlive/2015/texmf-dist/tex/latex/latexconfig/epstopdf-sys.cfg
File: epstopdf-sys.cfg 2010/07/13 v1.3 Configuration of (r)epstopdf for TeX Liv
e
))
\AtBeginShipoutBox=\box32
Package atbegshi Info: Package `everyshi' patched.
Package hyperref Info: Link coloring ON on input line 25.

(c:/Software/texlive/2015/texmf-dist/tex/latex/hyperref/nameref.sty
Package: nameref 2012/10/27 v2.43 Cross-referencing by name of section

(c:/Software/texlive/2015/texmf-dist/tex/generic/oberdiek/gettitlestring.sty
Package: gettitlestring 2010/12/03 v1.4 Cleanup title references (HO)
)
\c@section@level=\count132
)
LaTeX Info: Redefining \ref on input line 25.
LaTeX Info: Redefining \pageref on input line 25.
LaTeX Info: Redefining \nameref on input line 25.
LaTeX Font Info:    Font shape `OT1/ptm/bx/n' in size <14.4> not available
(Font)              Font shape `OT1/ptm/b/n' tried instead on input line 47.
LaTeX Font Info:    Try loading font information for U+msa on input line 47.

(c:/Software/texlive/2015/texmf-dist/tex/latex/amsfonts/umsa.fd
File: umsa.fd 2013/01/14 v3.01 AMS symbols A
)
LaTeX Font Info:    Try loading font information for U+msb on input line 47.

(c:/Software/texlive/2015/texmf-dist/tex/latex/amsfonts/umsb.fd
File: umsb.fd 2013/01/14 v3.01 AMS symbols B
)
<24images/resize_kodim01.png, id=4, 231.86626pt x 154.5775pt>
File: 24images/resize_kodim01.png Graphic file (type png)

<use 24images/resize_kodim01.png>
Package pdftex.def Info: 24images/resize_kodim01.png used on input line 69.
(pdftex.def)             Requested size: 37.2627pt x 24.8414pt.

<24images/resize_kodim02.png, id=5, 231.86626pt x 154.5775pt>
File: 24images/resize_kodim02.png Graphic file (type png)

<use 24images/resize_kodim02.png>
Package pdftex.def Info: 24images/resize_kodim02.png used on input line 69.
(pdftex.def)             Requested size: 37.2627pt x 24.8414pt.

<24images/resize_kodim03.png, id=6, 231.86626pt x 154.5775pt>
File: 24images/resize_kodim03.png Graphic file (type png)

<use 24images/resize_kodim03.png>
Package pdftex.def Info: 24images/resize_kodim03.png used on input line 69.
(pdftex.def)             Requested size: 37.2627pt x 24.8414pt.

<24images/resize_kodim04.png, id=7, 231.86626pt x 154.5775pt>
File: 24images/resize_kodim04.png Graphic file (type png)

<use 24images/resize_kodim04.png>
Package pdftex.def Info: 24images/resize_kodim04.png used on input line 69.
(pdftex.def)             Requested size: 37.2627pt x 24.8414pt.

<24images/resize_kodim05.png, id=8, 231.86626pt x 154.5775pt>
File: 24images/resize_kodim05.png Graphic file (type png)

<use 24images/resize_kodim05.png>
Package pdftex.def Info: 24images/resize_kodim05.png used on input line 69.
(pdftex.def)             Requested size: 37.2627pt x 24.8414pt.

<24images/resize_kodim06.png, id=9, 231.86626pt x 154.5775pt>
File: 24images/resize_kodim06.png Graphic file (type png)

<use 24images/resize_kodim06.png>
Package pdftex.def Info: 24images/resize_kodim06.png used on input line 69.
(pdftex.def)             Requested size: 37.2627pt x 24.8414pt.

<24images/resize_kodim07.png, id=10, 231.86626pt x 154.5775pt>
File: 24images/resize_kodim07.png Graphic file (type png)

<use 24images/resize_kodim07.png>
Package pdftex.def Info: 24images/resize_kodim07.png used on input line 89.
(pdftex.def)             Requested size: 37.2627pt x 24.8414pt.

<24images/resize_kodim08.png, id=11, 231.86626pt x 154.5775pt>
File: 24images/resize_kodim08.png Graphic file (type png)

<use 24images/resize_kodim08.png>
Package pdftex.def Info: 24images/resize_kodim08.png used on input line 89.
(pdftex.def)             Requested size: 37.2627pt x 24.8414pt.

<24images/resize_kodim09.png, id=12, 231.86626pt x 154.5775pt>
File: 24images/resize_kodim09.png Graphic file (type png)

<use 24images/resize_kodim09.png>
Package pdftex.def Info: 24images/resize_kodim09.png used on input line 89.
(pdftex.def)             Requested size: 37.2627pt x 24.8414pt.

<24images/resize_kodim10.png, id=13, 231.86626pt x 154.5775pt>
File: 24images/resize_kodim10.png Graphic file (type png)

<use 24images/resize_kodim10.png>
Package pdftex.def Info: 24images/resize_kodim10.png used on input line 89.
(pdftex.def)             Requested size: 37.2627pt x 24.8414pt.

<24images/resize_kodim11.png, id=14, 231.86626pt x 154.5775pt>
File: 24images/resize_kodim11.png Graphic file (type png)

<use 24images/resize_kodim11.png>
Package pdftex.def Info: 24images/resize_kodim11.png used on input line 89.
(pdftex.def)             Requested size: 37.2627pt x 24.8414pt.

<24images/resize_kodim12.png, id=15, 231.86626pt x 154.5775pt>
File: 24images/resize_kodim12.png Graphic file (type png)

<use 24images/resize_kodim12.png>
Package pdftex.def Info: 24images/resize_kodim12.png used on input line 89.
(pdftex.def)             Requested size: 37.2627pt x 24.8414pt.

<24images/resize_kodim13.png, id=16, 231.86626pt x 154.5775pt>
File: 24images/resize_kodim13.png Graphic file (type png)

<use 24images/resize_kodim13.png>
Package pdftex.def Info: 24images/resize_kodim13.png used on input line 109.
(pdftex.def)             Requested size: 37.2627pt x 24.8414pt.

<24images/resize_kodim14.png, id=17, 231.86626pt x 154.5775pt>
File: 24images/resize_kodim14.png Graphic file (type png)

<use 24images/resize_kodim14.png>
Package pdftex.def Info: 24images/resize_kodim14.png used on input line 109.
(pdftex.def)             Requested size: 37.2627pt x 24.8414pt.

<24images/resize_kodim15.png, id=18, 231.86626pt x 154.5775pt>
File: 24images/resize_kodim15.png Graphic file (type png)

<use 24images/resize_kodim15.png>
Package pdftex.def Info: 24images/resize_kodim15.png used on input line 109.
(pdftex.def)             Requested size: 37.2627pt x 24.8414pt.

<24images/resize_kodim16.png, id=19, 231.86626pt x 154.5775pt>
File: 24images/resize_kodim16.png Graphic file (type png)

<use 24images/resize_kodim16.png>
Package pdftex.def Info: 24images/resize_kodim16.png used on input line 109.
(pdftex.def)             Requested size: 37.2627pt x 24.8414pt.

<24images/resize_kodim17.png, id=20, 231.86626pt x 154.5775pt>
File: 24images/resize_kodim17.png Graphic file (type png)

<use 24images/resize_kodim17.png>
Package pdftex.def Info: 24images/resize_kodim17.png used on input line 109.
(pdftex.def)             Requested size: 37.2627pt x 24.8414pt.

<24images/resize_kodim18.png, id=21, 231.86626pt x 154.5775pt>
File: 24images/resize_kodim18.png Graphic file (type png)

<use 24images/resize_kodim18.png>
Package pdftex.def Info: 24images/resize_kodim18.png used on input line 109.
(pdftex.def)             Requested size: 37.2627pt x 24.8414pt.

<24images/resize_kodim19.png, id=22, 231.86626pt x 154.5775pt>
File: 24images/resize_kodim19.png Graphic file (type png)

<use 24images/resize_kodim19.png>
Package pdftex.def Info: 24images/resize_kodim19.png used on input line 129.
(pdftex.def)             Requested size: 37.2627pt x 24.8414pt.

<24images/resize_kodim20.png, id=23, 231.86626pt x 154.5775pt>
File: 24images/resize_kodim20.png Graphic file (type png)

<use 24images/resize_kodim20.png>
Package pdftex.def Info: 24images/resize_kodim20.png used on input line 129.
(pdftex.def)             Requested size: 37.2627pt x 24.8414pt.

<24images/resize_kodim21.png, id=24, 231.86626pt x 154.5775pt>
File: 24images/resize_kodim21.png Graphic file (type png)

<use 24images/resize_kodim21.png>
Package pdftex.def Info: 24images/resize_kodim21.png used on input line 129.
(pdftex.def)             Requested size: 37.2627pt x 24.8414pt.

<24images/resize_kodim22.png, id=25, 231.86626pt x 154.5775pt>
File: 24images/resize_kodim22.png Graphic file (type png)

<use 24images/resize_kodim22.png>
Package pdftex.def Info: 24images/resize_kodim22.png used on input line 129.
(pdftex.def)             Requested size: 37.2627pt x 24.8414pt.

<24images/resize_kodim23.png, id=26, 231.86626pt x 154.5775pt>
File: 24images/resize_kodim23.png Graphic file (type png)

<use 24images/resize_kodim23.png>
Package pdftex.def Info: 24images/resize_kodim23.png used on input line 129.
(pdftex.def)             Requested size: 37.2627pt x 24.8414pt.

<24images/resize_kodim24.png, id=27, 231.86626pt x 154.5775pt>
File: 24images/resize_kodim24.png Graphic file (type png)

<use 24images/resize_kodim24.png>
Package pdftex.def Info: 24images/resize_kodim24.png used on input line 129.
(pdftex.def)             Requested size: 37.2627pt x 24.8414pt.

Overfull \hbox (3.94023pt too wide) in paragraph at lines 69--130
 [][] 
 []


Overfull \hbox (3.94023pt too wide) in paragraph at lines 69--130
 [][] 
 []


Overfull \hbox (3.94023pt too wide) in paragraph at lines 69--130
 [][] 
 []


Overfull \hbox (3.94023pt too wide) in paragraph at lines 69--130
 [][] 
 []


<comparea/resize_br_Noisy_nSig402030_kodim21.png, id=29, 309.155pt x 205.76875p
t>
File: comparea/resize_br_Noisy_nSig402030_kodim21.png Graphic file (type png)
 <use comparea/resize_br_Noisy_nSig402030_kodim21.png>
Package pdftex.def Info: comparea/resize_br_Noisy_nSig402030_kodim21.png used o
n input line 166.
(pdftex.def)             Requested size: 96.8906pt x 64.48781pt.

<comparea/resize_br_CBM3D_nSig402030_kodim21.png, id=30, 309.155pt x 205.76875p
t>
File: comparea/resize_br_CBM3D_nSig402030_kodim21.png Graphic file (type png)
 <use comparea/resize_br_CBM3D_nSig402030_kodim21.png>
Package pdftex.def Info: comparea/resize_br_CBM3D_nSig402030_kodim21.png used o
n input line 166.
(pdftex.def)             Requested size: 96.8906pt x 64.48781pt.
LaTeX Font Info:    Font shape `OT1/ptm/bx/n' in size <8> not available
(Font)              Font shape `OT1/ptm/b/n' tried instead on input line 166.


LaTeX Warning: Citation `cbm3d' on page 1 undefined on input line 166.


<comparea/resize_br_MLP_nSig402030_kodim21.png, id=31, 309.155pt x 205.76875pt>
File: comparea/resize_br_MLP_nSig402030_kodim21.png Graphic file (type png)
<use comparea/resize_br_MLP_nSig402030_kodim21.png>
Package pdftex.def Info: comparea/resize_br_MLP_nSig402030_kodim21.png used on 
input line 166.
(pdftex.def)             Requested size: 96.8906pt x 64.48781pt.


LaTeX Warning: Citation `mlp' on page 1 undefined on input line 166.


<comparea/resize_br_TNRD_nSig402030_kodim21.png, id=32, 309.155pt x 205.76875pt
>
File: comparea/resize_br_TNRD_nSig402030_kodim21.png Graphic file (type png)
 <use comparea/resize_br_TNRD_nSig402030_kodim21.png>
Package pdftex.def Info: comparea/resize_br_TNRD_nSig402030_kodim21.png used on
 input line 166.
(pdftex.def)             Requested size: 96.8906pt x 64.48781pt.


LaTeX Warning: Citation `chen2015learning' on page 1 undefined on input line 16
6.


<comparea/resize_br_NC_nSig402030_kodim21.png, id=33, 309.155pt x 205.76875pt>
File: comparea/resize_br_NC_nSig402030_kodim21.png Graphic file (type png)

<use comparea/resize_br_NC_nSig402030_kodim21.png>
Package pdftex.def Info: comparea/resize_br_NC_nSig402030_kodim21.png used on i
nput line 166.
(pdftex.def)             Requested size: 96.8906pt x 64.48781pt.


LaTeX Warning: Citation `noiseclinic' on page 1 undefined on input line 166.


LaTeX Warning: Citation `ncwebsite' on page 1 undefined on input line 166.


<comparea/resize_br_WNNMCW_nSig402030_kodim21.png, id=34, 309.155pt x 205.76875
pt>
File: comparea/resize_br_WNNMCW_nSig402030_kodim21.png Graphic file (type png)
 <use comparea/resize_br_WNNMCW_nSig402030_kodim21.png>
Package pdftex.def Info: comparea/resize_br_WNNMCW_nSig402030_kodim21.png used 
on input line 193.
(pdftex.def)             Requested size: 96.8906pt x 64.48781pt.

<comparea/resize_br_WNNMJ_nSig402030_kodim21.png, id=35, 309.155pt x 205.76875p
t>
File: comparea/resize_br_WNNMJ_nSig402030_kodim21.png Graphic file (type png)
 <use comparea/resize_br_WNNMJ_nSig402030_kodim21.png>
Package pdftex.def Info: comparea/resize_br_WNNMJ_nSig402030_kodim21.png used o
n input line 193.
(pdftex.def)             Requested size: 96.8906pt x 64.48781pt.

<comparea/resize_br_WNNM_ADMM_nSig402030_kodim21.png, id=36, 309.155pt x 205.76
875pt>
File: comparea/resize_br_WNNM_ADMM_nSig402030_kodim21.png Graphic file (type pn
g)
 <use comparea/resize_br_WNNM_ADMM_nSig402030_kodim21.png>
Package pdftex.def Info: comparea/resize_br_WNNM_ADMM_nSig402030_kodim21.png us
ed on input line 193.
(pdftex.def)             Requested size: 96.8906pt x 64.48781pt.

<comparea/resize_br_CWNNM_ADMM_nSig402030_kodim21.png, id=37, 309.155pt x 205.7
6875pt>
File: comparea/resize_br_CWNNM_ADMM_nSig402030_kodim21.png Graphic file (type p
ng)
 <use comparea/resize_br_CWNNM_ADMM_nSig402030_kodim21.png>
Package pdftex.def Info: comparea/resize_br_CWNNM_ADMM_nSig402030_kodim21.png u
sed on input line 193.
(pdftex.def)             Requested size: 96.8906pt x 64.48781pt.

<comparea/resize_br_kodim21.png, id=38, 309.155pt x 205.76875pt>
File: comparea/resize_br_kodim21.png Graphic file (type png)

<use comparea/resize_br_kodim21.png>
Package pdftex.def Info: comparea/resize_br_kodim21.png used on input line 193.

(pdftex.def)             Requested size: 96.8906pt x 64.48781pt.

Overfull \hbox (2.59673pt too wide) in paragraph at lines 166--194
 [][] 
 []


Overfull \hbox (2.59673pt too wide) in paragraph at lines 166--194
 [][] 
 []

No file test.bbl.
Package atveryend Info: Empty hook `BeforeClearDocument' on input line 203.
LaTeX Font Info:    Font shape `OT1/ptm/bx/n' in size <10> not available
(Font)              Font shape `OT1/ptm/b/n' tried instead on input line 203.
LaTeX Font Info:    Try loading font information for OT1+phv on input line 203.

(c:/Software/texlive/2015/texmf-dist/tex/latex/psnfss/ot1phv.fd
File: ot1phv.fd 2001/06/04 scalable font definitions for OT1/phv.
) [1{c:/Software/texlive/2015/texmf-var/fonts/map/pdftex/updmap/pdftex.map}



 <./24images/resize_kodim01.png (PNG copy)> <./24images/resize_kodim02.png (PNG
 copy)> <./24images/resize_kodim03.png (PNG copy)> <./24images/resize_kodim04.p
ng (PNG copy)> <./24images/resize_kodim05.png (PNG copy)> <./24images/resize_ko
dim06.png (PNG copy)> <./24images/resize_kodim07.png (PNG copy)> <./24images/re
size_kodim08.png (PNG copy)> <./24images/resize_kodim09.png (PNG copy)> <./24im
ages/resize_kodim10.png (PNG copy)> <./24images/resize_kodim11.png (PNG copy)> 
<./24images/resize_kodim12.png (PNG copy)> <./24images/resize_kodim13.png (PNG 
copy)> <./24images/resize_kodim14.png (PNG copy)> <./24images/resize_kodim15.pn
g (PNG copy)> <./24images/resize_kodim16.png (PNG copy)> <./24images/resize_kod
im17.png (PNG copy)> <./24images/resize_kodim18.png (PNG copy)> <./24images/res
ize_kodim19.png (PNG copy)> <./24images/resize_kodim20.png (PNG copy)> <./24ima
ges/resize_kodim21.png (PNG copy)> <./24images/resize_kodim22.png (PNG copy)> <
./24images/resize_kodim23.png (PNG copy)> <./24images/resize_kodim24.png (PNG c
opy)>] [2 <./comparea/resize_br_Noisy_nSig402030_kodim21.png (PNG copy)> <./com
parea/resize_br_CBM3D_nSig402030_kodim21.png (PNG copy)> <./comparea/resize_br_
MLP_nSig402030_kodim21.png (PNG copy)> <./comparea/resize_br_TNRD_nSig402030_ko
dim21.png (PNG copy)> <./comparea/resize_br_NC_nSig402030_kodim21.png (PNG copy
)> <./comparea/resize_br_WNNMCW_nSig402030_kodim21.png (PNG copy)> <./comparea/
resize_br_WNNMJ_nSig402030_kodim21.png (PNG copy)> <./comparea/resize_br_WNNM_A
DMM_nSig402030_kodim21.png (PNG copy)> <./comparea/resize_br_CWNNM_ADMM_nSig402
030_kodim21.png (PNG copy)> <./comparea/resize_br_kodim21.png (PNG copy)>]
Package atveryend Info: Empty hook `AfterLastShipout' on input line 203.
 (./test.aux)
Package atveryend Info: Executing hook `AtVeryEndDocument' on input line 203.
Package atveryend Info: Empty hook `AtEndAfterFileList' on input line 203.


LaTeX Warning: There were undefined references.

Package atveryend Info: Empty hook `AtVeryVeryEnd' on input line 203.
 ) 
Here is how much of TeX's memory you used:
 6986 strings out of 493091
 104560 string characters out of 6134517
 191994 words of memory out of 5000000
 10321 multiletter control sequences out of 15000+600000
 27962 words of font info for 67 fonts, out of 8000000 for 9000
 1141 hyphenation exceptions out of 8191
 39i,10n,27p,845b,361s stack positions out of 5000i,500n,10000p,200000b,80000s
{c:/Software/texlive/2015/texmf-dist/fonts/enc/dvips/base/8r.enc}<c:/Software
/texlive/2015/texmf-dist/fonts/type1/public/amsfonts/cm/cmmi6.pfb><c:/Software/
texlive/2015/texmf-dist/fonts/type1/public/amsfonts/cm/cmmi9.pfb><c:/Software/t
exlive/2015/texmf-dist/fonts/type1/public/amsfonts/cm/cmr9.pfb><c:/Software/tex
live/2015/texmf-dist/fonts/type1/urw/helvetic/uhvb8a.pfb><c:/Software/texlive/2
015/texmf-dist/fonts/type1/urw/helvetic/uhvr8a.pfb><c:/Software/texlive/2015/te
xmf-dist/fonts/type1/urw/times/utmb8a.pfb><c:/Software/texlive/2015/texmf-dist/
fonts/type1/urw/times/utmr8a.pfb>
Output written on test.pdf (2 pages, 2542538 bytes).
PDF statistics:
 91 PDF objects out of 1000 (max. 8388607)
 45 compressed objects within 1 object stream
 11 named destinations out of 1000 (max. 500000)
 171 words of extra memory for PDF output out of 10000 (max. 10000000)

